###############################################################################
#
# IAR ELF Linker V2.10.4.157 for STM8                     09/Jan/2018  17:17:51
# Copyright 2010-2015 IAR Systems AB.
#
#    Output file  =  
#        C:\Users\Administrator\Desktop\git\Apps\basicRF\Debug\Exe\basicRF.out
#    Map file     =  
#        C:\Users\Administrator\Desktop\git\Apps\basicRF\Debug\List\basicRF.map
#    Command line =  
#        C:\Users\Administrator\Desktop\git\Apps\basicRF\Debug\Obj\basicRF.o
#        C:\Users\Administrator\Desktop\git\Apps\basicRF\Debug\Obj\clk.o
#        C:\Users\Administrator\Desktop\git\Apps\basicRF\Debug\Obj\csma.o
#        C:\Users\Administrator\Desktop\git\Apps\basicRF\Debug\Obj\exti.o
#        C:\Users\Administrator\Desktop\git\Apps\basicRF\Debug\Obj\hal.o
#        C:\Users\Administrator\Desktop\git\Apps\basicRF\Debug\Obj\IotOS.o
#        C:\Users\Administrator\Desktop\git\Apps\basicRF\Debug\Obj\led.o
#        C:\Users\Administrator\Desktop\git\Apps\basicRF\Debug\Obj\mac.o
#        C:\Users\Administrator\Desktop\git\Apps\basicRF\Debug\Obj\main.o
#        C:\Users\Administrator\Desktop\git\Apps\basicRF\Debug\Obj\nwk.o
#        C:\Users\Administrator\Desktop\git\Apps\basicRF\Debug\Obj\rf.o
#        C:\Users\Administrator\Desktop\git\Apps\basicRF\Debug\Obj\s_spi.o
#        C:\Users\Administrator\Desktop\git\Apps\basicRF\Debug\Obj\sx1276.o
#        C:\Users\Administrator\Desktop\git\Apps\basicRF\Debug\Obj\timer.o
#        C:\Users\Administrator\Desktop\git\Apps\basicRF\Debug\Obj\uart.o
#        --redirect _Printf=_PrintfSmall --redirect _Scanf=_ScanfSmall -o
#        C:\Users\Administrator\Desktop\git\Apps\basicRF\Debug\Exe\basicRF.out
#        --map
#        C:\Users\Administrator\Desktop\git\Apps\basicRF\Debug\List\basicRF.map
#        --config "D:\software\iar for stm8\stm8\config\lnkstm8s103k3.icf"
#        --config_def _CSTACK_SIZE=0x100 --config_def _HEAP_SIZE=0x100 --entry
#        __iar_program_start --debug_lib
#
###############################################################################

*******************************************************************************
*** RUNTIME MODEL ATTRIBUTES
***

__Heap_Handler             = Basic
__SystemLibrary            = DLib
__code_model               = small
__core                     = stm8
__data_model               = medium
__dlib_file_descriptor     = 1
__dlib_full_locale_support = 1
__rt_version               = 4


*******************************************************************************
*** PLACEMENT SUMMARY
***

"A1":  place at start of [0x000000-0x0000ff] { rw section .vregs };
"A2":  place at end of [0x000000-0x0003ff] { block CSTACK };
"P2":  place in [from 0x000000 to 0x0003ff] {
          block HEAP, rw section __DLIB_PERTHREAD, rw section .far.bss,
          rw section .far.data, rw section .far.noinit,
          rw section .far_func.textrw, rw section .huge.bss,
          rw section .huge.data, rw section .huge.noinit,
          rw section .huge_func.textrw, rw section .iar.dynexit,
          rw section .near.bss, rw section .near.data, rw section .near.noinit,
          rw section .near_func.textrw };
"A3":  place at start of [0x008000-0x009fff] { block INTVEC };
"P3":  place in [from 0x008000 to 0x009fff] {
          ro section __DLIB_PERTHREAD_init, ro section .far.data_init,
          ro section .far_func.textrw_init, ro section .huge.data_init,
          ro section .huge_func.textrw_init, ro section .iar.init_table,
          ro section .init_array, ro section .near.data_init,
          ro section .near.rodata, ro section .near_func.text,
          ro section .near_func.textrw_init, ro section .tiny.data_init,
          ro section .tiny.rodata_init };

  Section            Kind      Address    Size  Object
  -------            ----      -------    ----  ------
"A1":                                     0x10
  .vregs             uninit   0x000000    0x10  vregs.o [4]
                            - 0x000010    0x10

"P2":                                    0x26e
  HEAP                        0x000010   0x100  <Block>
    HEAP             uninit   0x000010   0x100  <Block tail>
  P2 s0                       0x000110    0x2d  <Init block>
    .near.data       inited   0x000110    0x28  xfiles.o [4]
    .near.data       inited   0x000138     0x4  rand.o [4]
    .near.data       inited   0x00013c     0x1  exti.o [1]
  .near.bss          zero     0x00013d    0x50  xfiles.o [4]
  .near.bss          zero     0x00018d    0x2a  uart.o [1]
  .near.bss          zero     0x0001b7     0xe  setlocale.o [4]
  .near.bss          zero     0x0001c5     0x8  IotOS.o [1]
  .near.bss          zero     0x0001cd     0x4  rf.o [1]
  .near.bss          zero     0x0001d1     0x4  rand.o [4]
  .near.bss          zero     0x0001d5     0x4  xxmemxmalloc.o [4]
  .near.bss          zero     0x0001d9     0x2  timer.o [1]
  .near.bss          zero     0x0001db     0x2  timer.o [1]
  .near.bss          zero     0x0001dd     0x2  timer.o [1]
  .near.bss          zero     0x0001df     0x2  timer.o [1]
  .near.bss          zero     0x0001e1     0x2  timer.o [1]
  .near.bss          zero     0x0001e3     0x2  timer.o [1]
  .near.bss          zero     0x0001e5     0x2  rand.o [4]
  .near.bss          zero     0x0001e7     0x2  rand.o [4]
  .near.bss          zero     0x0001e9     0x2  rand.o [4]
  .near.bss          zero     0x0001eb     0x2  rand.o [4]
  .near.bss          zero     0x0001ed     0x2  setlocale.o [4]
  .near.bss          zero     0x0001ef     0x2  xgetmemchunk.o [4]
  .near.bss          zero     0x0001f1     0x1  basicRF.o [1]
  .near.bss          zero     0x0001f2     0x1  csma.o [1]
  .near.bss          zero     0x0001f3     0x1  csma.o [1]
  .near.bss          zero     0x0001f4     0x1  csma.o [1]
  .near.bss          zero     0x0001f5     0x1  hal.o [1]
  .near.bss          zero     0x0001f6     0x1  sx1276.o [1]
  .near.bss          zero     0x0001f7     0x1  sx1276.o [1]
  .near.bss          zero     0x0001f8     0x1  sx1276.o [1]
  .near.bss          zero     0x0001f9     0x1  sx1276.o [1]
  .near.bss          zero     0x0001fa     0x1  uart.o [1]
  .near.bss          zero     0x0001fb     0x1  uart.o [1]
  .near.bss          zero     0x0001fc     0x1  uart.o [1]
  .near.bss          zero     0x0001fd     0x1  rand.o [4]
  .near.bss          zero     0x0001fe    0x80  rand.o [4]
                            - 0x00027e   0x26e

"A2":                                    0x100
  CSTACK                      0x000300   0x100  <Block>
    CSTACK           uninit   0x000300   0x100  <Block tail>
                            - 0x000400   0x100

Absolute sections, part 1 of 17:           0x1
  .near.noinit       uninit   0x005005     0x1  led.o [1]
                            - 0x005006     0x1

Absolute sections, part 2 of 17:           0x2
  .near.noinit       uninit   0x005007     0x1  led.o [1]
  .near.noinit       uninit   0x005008     0x1  led.o [1]
                            - 0x005009     0x2

Absolute sections, part 3 of 17:           0x6
  .near.noinit       uninit   0x00500a     0x1  s_spi.o [1]
  .near.noinit       uninit   0x00500b     0x1  s_spi.o [1]
  .near.noinit       uninit   0x00500c     0x1  sx1276.o [1]
  .near.noinit       uninit   0x00500d     0x1  sx1276.o [1]
  .near.noinit       uninit   0x00500e     0x1  sx1276.o [1]
  .near.noinit       uninit   0x00500f     0x1  sx1276.o [1]
                            - 0x005010     0x6

Absolute sections, part 4 of 17:           0x4
  .near.noinit       uninit   0x005011     0x1  sx1276.o [1]
  .near.noinit       uninit   0x005012     0x1  sx1276.o [1]
  .near.noinit       uninit   0x005013     0x1  sx1276.o [1]
  .near.noinit       uninit   0x005014     0x1  led.o [1]
                            - 0x005015     0x4

Absolute sections, part 5 of 17:           0x2
  .near.noinit       uninit   0x005016     0x1  led.o [1]
  .near.noinit       uninit   0x005017     0x1  led.o [1]
                            - 0x005018     0x2

Absolute sections, part 6 of 17:           0x1
  .near.noinit       uninit   0x0050a0     0x1  exti.o [1]
                            - 0x0050a1     0x1

Absolute sections, part 7 of 17:           0x1
  .near.noinit       uninit   0x0050c6     0x1  clk.o [1]
                            - 0x0050c7     0x1

Absolute sections, part 8 of 17:           0x7
  .near.noinit       uninit   0x005230     0x1  uart.o [1]
  .near.noinit       uninit   0x005231     0x1  uart.o [1]
  .near.noinit       uninit   0x005232     0x1  uart.o [1]
  .near.noinit       uninit   0x005233     0x1  uart.o [1]
  .near.noinit       uninit   0x005234     0x1  uart.o [1]
  .near.noinit       uninit   0x005235     0x1  uart.o [1]
  .near.noinit       uninit   0x005236     0x1  uart.o [1]
                            - 0x005237     0x7

Absolute sections, part 9 of 17:           0x1
  .near.noinit       uninit   0x005250     0x1  basicRF.o [1]
                            - 0x005251     0x1

Absolute sections, part 10 of 17:          0x2
  .near.noinit       uninit   0x005254     0x1  timer.o [1]
  .near.noinit       uninit   0x005255     0x1  timer.o [1]
                            - 0x005256     0x2

Absolute sections, part 11 of 17:          0x5
  .near.noinit       uninit   0x00525f     0x1  csma.o [1]
  .near.noinit       uninit   0x005260     0x1  timer.o [1]
  .near.noinit       uninit   0x005261     0x1  timer.o [1]
  .near.noinit       uninit   0x005262     0x1  timer.o [1]
  .near.noinit       uninit   0x005263     0x1  timer.o [1]
                            - 0x005264     0x5

Absolute sections, part 12 of 17:          0x1
  .near.noinit       uninit   0x005300     0x1  timer.o [1]
                            - 0x005301     0x1

Absolute sections, part 13 of 17:          0x2
  .near.noinit       uninit   0x005303     0x1  timer.o [1]
  .near.noinit       uninit   0x005304     0x1  timer.o [1]
                            - 0x005305     0x2

Absolute sections, part 14 of 17:          0x5
  .near.noinit       uninit   0x00530c     0x1  timer.o [1]
  .near.noinit       uninit   0x00530d     0x1  timer.o [1]
  .near.noinit       uninit   0x00530e     0x1  timer.o [1]
  .near.noinit       uninit   0x00530f     0x1  timer.o [1]
  .near.noinit       uninit   0x005310     0x1  timer.o [1]
                            - 0x005311     0x5

Absolute sections, part 15 of 17:          0x1
  .near.noinit       uninit   0x005340     0x1  timer.o [1]
                            - 0x005341     0x1

Absolute sections, part 16 of 17:          0x2
  .near.noinit       uninit   0x005343     0x1  timer.o [1]
  .near.noinit       uninit   0x005344     0x1  timer.o [1]
                            - 0x005345     0x2

Absolute sections, part 17 of 17:          0x3
  .near.noinit       uninit   0x005346     0x1  timer.o [1]
  .near.noinit       uninit   0x005347     0x1  timer.o [1]
  .near.noinit       uninit   0x005348     0x1  timer.o [1]
                            - 0x005349     0x3

"A3":                                     0x80
  INTVEC                      0x008000    0x80  <Block>
    .intvec          const    0x008000    0x80  interrupt.o [4]
                            - 0x008080    0x80

"P3":                                   0x1ee9
  .near_func.text    ro code  0x008080   0x43d  xprintfsmall.o [4]
  .near_func.text    ro code  0x0084bd   0x202  hal.o [1]
  .near_func.text    ro code  0x0086bf   0x1df  xprintfsmall.o [4]
  .near_func.text    ro code  0x00889e   0x171  xprintfsmall.o [4]
  .near_func.text    ro code  0x008a0f   0x169  long.o [4]
  .near_func.text    ro code  0x008b78   0x100  vreg_util.o [4]
  .near_func.text    ro code  0x008c78    0xd1  xxmemxfree.o [4]
  .near_func.text    ro code  0x008d49    0xce  sx1276.o [1]
  .near_func.text    ro code  0x008e17    0xc3  csma.o [1]
  .near_func.text    ro code  0x008eda    0xc0  uart.o [1]
  .near_func.text    ro code  0x008f9a    0x9f  rand.o [4]
  .near_func.text    ro code  0x009039    0x93  xxmemxmalloc.o [4]
  .near_func.text    ro code  0x0090cc    0x91  sx1276.o [1]
  .near_func.text    ro code  0x00915d    0x63  long_util.o [4]
  .near_func.text    ro code  0x0091c0    0x5f  xxmemxmalloc.o [4]
  .near_func.text    ro code  0x00921f    0x57  IotOS.o [1]
  .near_func.text    ro code  0x009276    0x4b  basicRF.o [1]
  .near.rodata       const    0x0092c1    0x48  hal.o [1]
  .near_func.text    ro code  0x009309    0x43  sx1276.o [1]
  .near_func.text    ro code  0x00934c    0x3f  s_spi.o [1]
  .near_func.text    ro code  0x00938b    0x3f  xprintfsmall.o [4]
  .near_func.text    ro code  0x0093ca    0x39  strncmp.o [4]
  .near_func.text    ro code  0x009403    0x37  s_spi.o [1]
  .near_func.text    ro code  0x00943a    0x37  timer.o [1]
  .near.rodata       const    0x009471    0x36  hal.o [1]
  .near.rodata       const    0x0094a7    0x36  hal.o [1]
  .near_func.text    ro code  0x0094dd    0x36  xprintfsmall.o [4]
  .near_func.text    ro code  0x009513    0x35  xprintfsmall.o [4]
  .near_func.text    ro code  0x009548    0x33  short.o [4]
  .near_func.text    ro code  0x00957b    0x32  s_spi.o [1]
  .near_func.text    ro code  0x0095ad    0x31  xencoding_sb.o [4]
  .near_func.text    ro code  0x0095de    0x30  exti.o [1]
  .near_func.text    ro code  0x00960e    0x2f  xprintfsmall.o [4]
  .near_func.text    ro code  0x00963d    0x29  sx1276.o [1]
  .near_func.text    ro code  0x009666    0x28  s_spi.o [1]
  .near_func.text    ro code  0x00968e    0x28  init_small.o [4]
  .near.rodata       const    0x0096b6    0x27  hal.o [1]
  .near_func.text    ro code  0x0096dd    0x27  main.o [1]
  .near_func.text    ro code  0x009704    0x27  srand.o [4]
  .near_func.text    ro code  0x00972b    0x26  sx1276.o [1]
  .near.rodata       const    0x009751    0x25  hal.o [1]
  .near_func.text    ro code  0x009776    0x25  s_spi.o [1]
  .near_func.text    ro code  0x00979b    0x25  memcpy.o [4]
  .near_func.text    ro code  0x0097c0    0x24  sx1276.o [1]
  .near.rodata       const    0x0097e4    0x23  hal.o [1]
  .near.rodata       const    0x009807    0x23  hal.o [1]
  .near.rodata       const    0x00982a    0x23  hal.o [1]
  .near_func.text    ro code  0x00984d    0x22  strcmp.o [4]
  .near_func.text    ro code  0x00986f    0x21  xmbtowc.o [4]
  .iar.init_table    const    0x009890    0x16  - Linker created -
  .near_func.text    ro code  0x0098a6    0x20  timer.o [1]
  .near_func.text    ro code  0x0098c6    0x20  printf.o [4]
  .near.rodata       const    0x0098e6    0x1f  hal.o [1]
  .near_func.text    ro code  0x009905    0x1f  timer.o [1]
  .near_func.text    ro code  0x009924    0x1e  sx1276.o [1]
  .near_func.text    ro code  0x009942    0x1e  init_small.o [4]
  .near_func.text    ro code  0x009960    0x1d  uart.o [1]
  .near_func.text    ro code  0x00997d    0x1d  rand.o [4]
  .near_func.text    ro code  0x00999a    0x1d  xprintfsmall.o [4]
  .near_func.text    ro code  0x0099b7    0x1c  xwctomb.o [4]
  .near_func.text    ro code  0x0099d3    0x1a  hal.o [1]
  .near_func.text    ro code  0x0099ed    0x19  timer.o [1]
  .near_func.text    ro code  0x009a06    0x19  xprout.o [4]
  .near_func.text    ro code  0x009a1f    0x19  xgetmemchunk.o [4]
  .near_func.text    ro code  0x009a38    0x18  led.o [1]
  .near_func.text    ro code  0x009a50    0x18  led.o [1]
  .near_func.text    ro code  0x009a68    0x18  xencoding_sb.o [4]
  .near_func.text    ro code  0x009a80    0x17  init.o [4]
  .near_func.text    ro code  0x009a97    0x16  csma.o [1]
  .near_func.text    ro code  0x009aad    0x15  sx1276.o [1]
  .near_func.text    ro code  0x009ac2    0x15  timer.o [1]
  .near_func.text    ro code  0x009ad7    0x15  memset.o [4]
  .near_func.text    ro code  0x009aec    0x15  memchr.o [4]
  .near_func.text    ro code  0x009b01    0x15  strchr.o [4]
  .near_func.text    ro code  0x009b16    0x14  xprintfsmall.o [4]
  .near_func.text    ro code  0x009b2a    0x14  __dbg_xxexit.o [3]
  .near.rodata       const    0x009b3e    0x13  hal.o [1]
  .near_func.text    ro code  0x009b51    0x13  rf.o [1]
  .near_func.text    ro code  0x009b64    0x13  cstartup.o [4]
  .near_func.text    ro code  0x009b77    0x12  sx1276.o [1]
  .near_func.text    ro code  0x009b89    0x12  dc_util.o [4]
  .near_func.text    ro code  0x009b9b    0x12  strlen.o [4]
  .near.rodata       const    0x009bad    0x11  hal.o [1]
  .near.rodata       const    0x009bbe    0x11  hal.o [1]
  .near_func.text    ro code  0x009bcf    0x11  led.o [1]
  .near_func.text    ro code  0x009be0    0x11  timer.o [1]
  .near.rodata       const    0x009bf1    0x10  hal.o [1]
  .near_func.text    ro code  0x009c01    0x10  xprintfsmall.o [4]
  .near_func.text    ro code  0x009c11    0x10  xprintfsmall.o [4]
  .near.rodata       const    0x009c21     0xf  hal.o [1]
  .near.rodata       const    0x009c30     0xe  uart.o [1]
  .near.rodata       const    0x009c3e     0xd  basicRF.o [1]
  .near.rodata       const    0x009c4b     0xd  csma.o [1]
  .near_func.text    ro code  0x009c58     0xd  sx1276.o [1]
  .near_func.text    ro code  0x009c65     0xd  sx1276.o [1]
  .near_func.text    ro code  0x009c72     0xd  uart.o [1]
  .near_func.text    ro code  0x009c7f     0xd  uart.o [1]
  .near_func.text    ro code  0x009c8c     0xd  move.o [4]
  .near.rodata       const    0x009c99     0xc  hal.o [1]
  .near.rodata       const    0x009ca5     0xc  hal.o [1]
  .near.rodata       const    0x009cb1     0xc  hal.o [1]
  .near.rodata       const    0x009cbd     0xc  hal.o [1]
  .near.rodata       const    0x009cc9     0xc  hal.o [1]
  .near.rodata       const    0x009cd5     0xc  hal.o [1]
  .near_func.text    ro code  0x009ce1     0xc  s_spi.o [1]
  .near_func.text    ro code  0x009ced     0xc  setlocale.o [4]
  .near_func.text    ro code  0x009cf9     0xb  IotOS.o [1]
  .near_func.text    ro code  0x009d04     0xb  s_spi.o [1]
  .near_func.text    ro code  0x009d0f     0xb  s_spi.o [1]
  .near_func.text    ro code  0x009d1a     0xb  s_spi.o [1]
  .near_func.text    ro code  0x009d25     0xb  sx1276.o [1]
  .near_func.text    ro code  0x009d30     0xb  xprintfsmall.o [4]
  .near.rodata       const    0x009d3b     0xa  hal.o [1]
  .near.rodata       const    0x009d45     0xa  hal.o [1]
  .near.rodata       const    0x009d4f     0xa  hal.o [1]
  .near.rodata       const    0x009d59     0xa  hal.o [1]
  .near.rodata       const    0x009d63     0xa  sx1276.o [1]
  .near_func.text    ro code  0x009d6d     0xa  uart.o [1]
  .near_func.text    ro code  0x009d77     0xa  xprintfsmall.o [4]
  .near_func.text    ro code  0x009d81     0xa  xprintfsmall.o [4]
  .near_func.text    ro code  0x009d8b     0x9  s_spi.o [1]
  .near_func.text    ro code  0x009d94     0x9  sx1276.o [1]
  .near_func.text    ro code  0x009d9d     0x9  sx1276.o [1]
  .near_func.text    ro code  0x009da6     0x9  sx1276.o [1]
  .near_func.text    ro code  0x009daf     0x9  sx1276.o [1]
  .near_func.text    ro code  0x009db8     0x9  rand.o [4]
  .near_func.text    ro code  0x009dc1     0x9  xprintfsmall.o [4]
  .near_func.text    ro code  0x009dca     0x9  xprintfsmall.o [4]
  .near_func.text    ro code  0x009dd3     0x9  xprintfsmall.o [4]
  .near_func.text    ro code  0x009ddc     0x9  xprintfsmall.o [4]
  .near.rodata       const    0x009de5     0x8  hal.o [1]
  .near.rodata       const    0x009ded     0x8  IotOS.o [1]
  .near.rodata       const    0x009df5     0x8  sx1276.o [1]
  .near.rodata       const    0x009dfd     0x8  xprintfsmall.o [4]
  .near.rodata       const    0x009e05     0x8  xprintfsmall.o [4]
  .near.rodata       const    0x009e0d     0x8  xencoding_sb.o [4]
  .near.rodata       const    0x009e15     0x8  xencoding_sb.o [4]
  .near_func.text    ro code  0x009e1d     0x8  hal.o [1]
  .near_func.text    ro code  0x009e25     0x8  hal.o [1]
  .near_func.text    ro code  0x009e2d     0x8  xprintfsmall.o [4]
  .near_func.text    ro code  0x009e35     0x8  xxmemxmalloc.o [4]
  .near.rodata       const    0x009e3d     0x7  sx1276.o [1]
  .near.rodata       const    0x009e44     0x7  xprintfsmall.o [4]
  .near_func.text    ro code  0x009e4b     0x7  xprintfsmall.o [4]
  .near_func.text    ro code  0x009e52     0x7  xprintfsmall.o [4]
  .near_func.text    ro code  0x009e59     0x7  xprintfsmall.o [4]
  .near_func.text    ro code  0x009e60     0x7  xxmemxmalloc.o [4]
  .near_func.text    ro code  0x009e67     0x7  putchar.o [4]
  .near.rodata       const    0x009e6e     0x6  hal.o [1]
  .near.rodata       const    0x009e74     0x6  sx1276.o [1]
  .near.rodata       const    0x009e7a     0x6  sx1276.o [1]
  .near.rodata       const    0x009e80     0x6  sx1276.o [1]
  .near.rodata       const    0x009e86     0x6  sx1276.o [1]
  .near.rodata       const    0x009e8c     0x6  sx1276.o [1]
  .near_func.text    ro code  0x009e92     0x6  sx1276.o [1]
  .near_func.text    ro code  0x009e98     0x6  sx1276.o [1]
  .near_func.text    ro code  0x009e9e     0x6  sx1276.o [1]
  .near_func.text    ro code  0x009ea4     0x6  sx1276.o [1]
  .near_func.text    ro code  0x009eaa     0x6  xprintfsmall.o [4]
  .near_func.text    ro code  0x009eb0     0x6  xprintfsmall.o [4]
  .near_func.text    ro code  0x009eb6     0x6  xprintfsmall.o [4]
  .near_func.text    ro code  0x009ebc     0x6  xprintfsmall.o [4]
  .near_func.text    ro code  0x009ec2     0x6  xmbcurmax.o [4]
  .near.rodata       const    0x009ec8     0x5  hal.o [1]
  .near.rodata       const    0x009ecd     0x5  hal.o [1]
  .near_func.text    ro code  0x009ed2     0x5  clk.o [1]
  .near_func.text    ro code  0x009ed7     0x5  exti.o [1]
  .near_func.text    ro code  0x009edc     0x5  hal.o [1]
  .near_func.text    ro code  0x009ee1     0x5  hal.o [1]
  .near_func.text    ro code  0x009ee6     0x5  IotOS.o [1]
  .near_func.text    ro code  0x009eeb     0x5  s_spi.o [1]
  .near_func.text    ro code  0x009ef0     0x5  sx1276.o [1]
  .near_func.text    ro code  0x009ef5     0x5  xprintfsmall.o [4]
  .near_func.text    ro code  0x009efa     0x5  xprintfsmall.o [4]
  .near_func.text    ro code  0x009eff     0x5  xprintfsmall.o [4]
  .near_func.text    ro code  0x009f04     0x5  xprintfsmall.o [4]
  .near_func.text    ro code  0x009f09     0x5  cexit.o [4]
  .near_func.text    ro code  0x009f0e     0x4  setlocale.o [4]
  .near_func.text    ro code  0x009f12     0x3  rf.o [1]
  .near_func.text    ro code  0x009f15     0x3  rf.o [1]
  .near_func.text    ro code  0x009f18     0x3  rf.o [1]
  .near_func.text    ro code  0x009f1b     0x3  rf.o [1]
  .near_func.text    ro code  0x009f1e     0x3  rf.o [1]
  .near_func.text    ro code  0x009f21     0x3  rf.o [1]
  .near_func.text    ro code  0x009f24     0x3  rf.o [1]
  .near_func.text    ro code  0x009f27     0x3  rf.o [1]
  .near_func.text    ro code  0x009f2a     0x3  rf.o [1]
  .near_func.text    ro code  0x009f2d     0x3  interrupt.o [4]
  .near_func.text    ro code  0x009f30     0x3  low_level_init.o [4]
  .near_func.text    ro code  0x009f33     0x3  exit.o [4]
  .near_func.text    ro code  0x009f36     0x3  unhandled_exception.o [4]
  .near_func.text    ro code  0x009f39     0x1  mac.o [1]
  .near_func.text    ro code  0x009f3a     0x1  nwk.o [1]
  .near_func.text    ro code  0x009f3b     0x1  __dbg_break.o [3]
  Initializer bytes  const    0x009f3c    0x2d  <for P2 s0>
                            - 0x009f69  0x1ee9


*******************************************************************************
*** INIT TABLE
***

          Address   Size
          -------   ----
Zero (__iar_zero_init2)
    2 destination ranges, total size 0x141:
          0x00013d  0xc1
          0x0001fe  0x80

Copy (__iar_copy_init2)
    1 source range, total size 0x2d:
          0x009f3c  0x2d
    1 destination range, total size 0x2d:
          0x000110  0x2d



*******************************************************************************
*** MODULE SUMMARY
***

    Module                 ro code  ro data  rw data  rw data
                                                       (abs)
    ------                 -------  -------  -------  -------
C:\Users\Administrator\Desktop\git\Apps\basicRF\Debug\Obj: [1]
    IotOS.o                    103        8        8
    basicRF.o                   75       13        1        1
    clk.o                        5                          1
    csma.o                     217       13        3        1
    exti.o                      53        1        1        1
    hal.o                      566      612        1
    led.o                       65                          6
    mac.o                        1
    main.o                      39
    nwk.o                        1
    rf.o                        46                 4
    s_spi.o                    304                          2
    sx1276.o                   704       55        4        7
    timer.o                    181                12       20
    uart.o                     257       14       45        7
    ---------------------------------------------------------
    Total:                   2 617      716       79       46

command line: [2]
    ---------------------------------------------------------
    Total:

dbgstm8smd.a: [3]
    __dbg_break.o                1
    __dbg_xxexit.o              20
    ---------------------------------------------------------
    Total:                      21

dlstm8smf.a: [4]
    cexit.o                      5
    cstartup.o                  19
    dc_util.o                   18
    exit.o                       3
    init.o                      23
    init_small.o                70
    interrupt.o                  3      128
    long.o                     361
    long_util.o                 99
    low_level_init.o             3
    memchr.o                    21
    memcpy.o                    37
    memset.o                    21
    move.o                      13
    printf.o                    32
    putchar.o                    7
    rand.o                     197        4      145
    setlocale.o                 16                16
    short.o                     51
    srand.o                     39
    strchr.o                    21
    strcmp.o                    34
    strlen.o                    18
    strncmp.o                   57
    unhandled_exception.o        3
    vreg_util.o                256
    vregs.o                                       16
    xencoding_sb.o              73       16
    xfiles.o                             40      120
    xgetmemchunk.o              25                 2
    xmbcurmax.o                  6
    xmbtowc.o                   33
    xprintfsmall.o           2 371       23
    xprout.o                    25
    xwctomb.o                   28
    xxmemxfree.o               209
    xxmemxmalloc.o             257                 4
    ---------------------------------------------------------
    Total:                   4 454      211      303

    Linker created                       22      512
-------------------------------------------------------------
    Grand Total:             7 092      949      894       46


*******************************************************************************
*** ENTRY LIST
***

Entry                    Address   Size  Type      Object
-----                    -------   ----  ----      ------
.iar.init_table$$Base   0x009890          --   Gb  - Linker created -
.iar.init_table$$Limit  0x0098a6          --   Gb  - Linker created -
?add32_l0_l0_0x         0x008a24         Code  Gb  long.o [4]
?add32_l0_l0_dl         0x008a1f         Code  Gb  long.o [4]
?and32_l0_l0_0x         0x008b33         Code  Gb  long.o [4]
?and32_l0_l0_l1         0x008b30         Code  Gb  long.o [4]
?b0                     0x000000         Data  Gb  vregs.o [4]
?b1                     0x000001         Data  Gb  vregs.o [4]
?b10                    0x00000a         Data  Gb  vregs.o [4]
?b11                    0x00000b         Data  Gb  vregs.o [4]
?b12                    0x00000c         Data  Gb  vregs.o [4]
?b13                    0x00000d         Data  Gb  vregs.o [4]
?b14                    0x00000e         Data  Gb  vregs.o [4]
?b15                    0x00000f         Data  Gb  vregs.o [4]
?b2                     0x000002         Data  Gb  vregs.o [4]
?b3                     0x000003         Data  Gb  vregs.o [4]
?b4                     0x000004         Data  Gb  vregs.o [4]
?b5                     0x000005         Data  Gb  vregs.o [4]
?b6                     0x000006         Data  Gb  vregs.o [4]
?b7                     0x000007         Data  Gb  vregs.o [4]
?b8                     0x000008         Data  Gb  vregs.o [4]
?b9                     0x000009         Data  Gb  vregs.o [4]
?dc32_px                0x009b90         Code  Gb  dc_util.o [4]
?dc8_px                 0x009b89         Code  Gb  dc_util.o [4]
?e0                     0x000001         Data  Gb  vregs.o [4]
?e1                     0x000005         Data  Gb  vregs.o [4]
?e2                     0x000009         Data  Gb  vregs.o [4]
?e3                     0x00000d         Data  Gb  vregs.o [4]
?epilogue_l2            0x008c0a         Code  Gb  vreg_util.o [4]
?epilogue_l2_w6         0x008c0e         Code  Gb  vreg_util.o [4]
?epilogue_w4            0x008c15         Code  Gb  vreg_util.o [4]
?l0                     0x000000         Data  Gb  vregs.o [4]
?l1                     0x000004         Data  Gb  vregs.o [4]
?l2                     0x000008         Data  Gb  vregs.o [4]
?l3                     0x00000c         Data  Gb  vregs.o [4]
?load32_0x_l0           0x009196         Code  Gb  long_util.o [4]
?load32_0x_l1           0x0091a4         Code  Gb  long_util.o [4]
?load32_0x_l2           0x0091b2         Code  Gb  long_util.o [4]
?load32_asp_l0          0x00918a         Code  Gb  long_util.o [4]
?load32_dbsp_l0         0x009185         Code  Gb  long_util.o [4]
?load32_l0_0x           0x00916d         Code  Gb  long_util.o [4]
?load32_l0_asp          0x009162         Code  Gb  long_util.o [4]
?load32_l0_dbsp         0x00915d         Code  Gb  long_util.o [4]
?load32_l0_xsp          0x009164         Code  Gb  long_util.o [4]
?load32_l1_0x           0x009179         Code  Gb  long_util.o [4]
?load32_xsp_l0          0x00918c         Code  Gb  long_util.o [4]
?mov_e0_e2              0x008c54         Code  Gb  vreg_util.o [4]
?mov_e1_e0              0x008c61         Code  Gb  vreg_util.o [4]
?mov_e2_e0              0x008c6e         Code  Gb  vreg_util.o [4]
?mov_l0_l2              0x008c51         Code  Gb  vreg_util.o [4]
?mov_l1_l0              0x008c5e         Code  Gb  vreg_util.o [4]
?mov_l2_l0              0x008c6b         Code  Gb  vreg_util.o [4]
?mov_w0_w2              0x008c19         Code  Gb  vreg_util.o [4]
?mov_w0_w4              0x008c20         Code  Gb  vreg_util.o [4]
?mov_w0_w5              0x008c27         Code  Gb  vreg_util.o [4]
?mov_w1_w4              0x008c2e         Code  Gb  vreg_util.o [4]
?mov_w1_w5              0x008c57         Code  Gb  vreg_util.o [4]
?mov_w2_w1              0x008c35         Code  Gb  vreg_util.o [4]
?mov_w3_w1              0x008c64         Code  Gb  vreg_util.o [4]
?mov_w4_w0              0x008c3c         Code  Gb  vreg_util.o [4]
?mov_w4_w1              0x008c43         Code  Gb  vreg_util.o [4]
?mov_w5_w0              0x008c4a         Code  Gb  vreg_util.o [4]
?mov_w5_w1              0x008c71         Code  Gb  vreg_util.o [4]
?move1616_v_x_y_a       0x009c8c         Code  Gb  move.o [4]
?mul16_x_x_w0           0x009548         Code  Gb  short.o [4]
?mul32_l0_l0_0x         0x008a3c         Code  Gb  long.o [4]
?mul32_l0_l0_l1         0x008a45         Code  Gb  long.o [4]
?neg32_l0_l0            0x008a0f         Code  Gb  long.o [4]
?pop_l0                 0x008be1         Code  Gb  vreg_util.o [4]
?pop_l1                 0x008bec         Code  Gb  vreg_util.o [4]
?pop_l2                 0x008bf7         Code  Gb  vreg_util.o [4]
?pop_w4                 0x008b9f         Code  Gb  vreg_util.o [4]
?pop_w6                 0x008ba6         Code  Gb  vreg_util.o [4]
?push_l0                0x008bb5         Code  Gb  vreg_util.o [4]
?push_l1                0x008bba         Code  Gb  vreg_util.o [4]
?push_l2                0x008bbf         Code  Gb  vreg_util.o [4]
?push_w0                0x008b78         Code  Gb  vreg_util.o [4]
?push_w1                0x008b7d         Code  Gb  vreg_util.o [4]
?push_w4                0x008b82         Code  Gb  vreg_util.o [4]
?push_w6                0x008b87         Code  Gb  vreg_util.o [4]
?sext32_l0_a            0x008b6b         Code  Gb  long.o [4]
?sext32_l0_x            0x008b60         Code  Gb  long.o [4]
?sll16_x_x_4            0x009576         Code  Gb  short.o [4]
?smod16_y_x_y           0x009566         Code  Gb  short.o [4]
?srl32_0x_0x_a          0x008b52         Code  Gb  long.o [4]
?srl32_l0_l0_a          0x008b4f         Code  Gb  long.o [4]
?srl32_l0_l0_db         0x008b4b         Code  Gb  long.o [4]
?udiv32_l0_l0_l1        0x008ac3         Code  Gb  long.o [4]
?umod32_l1_l0_l1        0x008ac3         Code  Gb  long.o [4]
?w0                     0x000000         Data  Gb  vregs.o [4]
?w1                     0x000002         Data  Gb  vregs.o [4]
?w2                     0x000004         Data  Gb  vregs.o [4]
?w3                     0x000006         Data  Gb  vregs.o [4]
?w4                     0x000008         Data  Gb  vregs.o [4]
?w5                     0x00000a         Data  Gb  vregs.o [4]
?w6                     0x00000c         Data  Gb  vregs.o [4]
?w7                     0x00000e         Data  Gb  vregs.o [4]
ATInstruct              0x0084bd  0x202  Code  Lc  hal.o [1]
BurstWrite              0x009666   0x28  Code  Gb  s_spi.o [1]
CR                      0x0001f9    0x1  Data  Gb  sx1276.o [1]
CSTACK$$Base            0x000300          --   Gb  - Linker created -
CSTACK$$Limit           0x000400          --   Gb  - Linker created -
EXTI_PD                 0x0095de   0x30  Code  Gb  exti.o [1]
HEAP$$Base              0x000010          --   Gb  - Linker created -
HEAP$$Limit             0x000110          --   Gb  - Linker created -
INTVEC$$Base            0x008000          --   Gb  - Linker created -
INTVEC$$Limit           0x008080          --   Gb  - Linker created -
LoadInt                 0x00938b   0x3f  Code  Lc  xprintfsmall.o [4]
RF_IRQ_EN               0x009ef0    0x5  Code  Gb  sx1276.o [1]
Region$$Table$$Base     0x009890          --   Gb  - Linker created -
Region$$Table$$Limit    0x0098a6          --   Gb  - Linker created -
SPICmd8bit              0x009403   0x37  Code  Gb  s_spi.o [1]
SPIRead                 0x009d04    0xb  Code  Gb  s_spi.o [1]
SPIRead8bit             0x00957b   0x32  Code  Gb  s_spi.o [1]
SPIWrite                0x00934c   0x3f  Code  Gb  s_spi.o [1]
SX1276Channel1          0x009e74    0x6  Data  Gb  sx1276.o [1]
SX1276Channel2          0x009e7a    0x6  Data  Gb  sx1276.o [1]
SX1276Channel3          0x009e80    0x6  Data  Gb  sx1276.o [1]
SX1276Channel4          0x009e86    0x6  Data  Gb  sx1276.o [1]
SX1276Channel5          0x009e8c    0x6  Data  Gb  sx1276.o [1]
SX1276LoRaBwTbl         0x009d63    0xa  Data  Gb  sx1276.o [1]
SX1276PowerTbl          0x009df5    0x8  Data  Gb  sx1276.o [1]
SX1276SpreadFactorTbl   0x009e3d    0x7  Data  Gb  sx1276.o [1]
SX1276_LoRaCCA          0x009924   0x1e  Code  Gb  sx1276.o [1]
SX1276_LoRaClearIrq     0x009e98    0x6  Code  Gb  sx1276.o [1]
SX1276_LoRaEntryCAD     0x009b77   0x12  Code  Gb  sx1276.o [1]
SX1276_LoRaEntryRx      0x00963d   0x29  Code  Gb  sx1276.o [1]
SX1276_LoRaEntryTx      0x00972b   0x26  Code  Gb  sx1276.o [1]
SX1276_LoRaTxPacket     0x009c65    0xd  Code  Gb  sx1276.o [1]
SX1276_Parameters_Select
                        0x009c58    0xd  Code  Gb  sx1276.o [1]
SX1276_SetChannel       0x0090cc   0x91  Code  Gb  sx1276.o [1]
SX1276_SetPower         0x009309   0x43  Code  Gb  sx1276.o [1]
SX1276_Standby          0x009e92    0x6  Code  Gb  sx1276.o [1]
SX1276_baseConfig       0x008d49   0xce  Code  Gb  sx1276.o [1]
Sx1276M_GpioInt         0x0097c0   0x24  Code  Gb  sx1276.o [1]
TIM1_ARRH               0x005262    0x1  Data  Gb  timer.o [1]
TIM1_ARRL               0x005263    0x1  Data  Gb  timer.o [1]
TIM1_CNTRL              0x00525f    0x1  Data  Gb  csma.o [1]
TIM1_OVR_UIF            0x009905   0x1f  Code  Gb  timer.o [1]
TIM1_PSCRH              0x005260    0x1  Data  Gb  timer.o [1]
TIM1_PSCRL              0x005261    0x1  Data  Gb  timer.o [1]
TIM2_ARRH               0x00530f    0x1  Data  Gb  timer.o [1]
TIM2_ARRL               0x005310    0x1  Data  Gb  timer.o [1]
TIM2_CNTRH              0x00530c    0x1  Data  Gb  timer.o [1]
TIM2_CNTRL              0x00530d    0x1  Data  Gb  timer.o [1]
TIM2_OVR_UIF            0x00943a   0x37  Code  Gb  timer.o [1]
TIM4_ARR                0x005348    0x1  Data  Gb  timer.o [1]
TIM4_CNTR               0x005346    0x1  Data  Gb  timer.o [1]
TIM4_OVR_UIF            0x0098a6   0x20  Code  Gb  timer.o [1]
UART1_BRR1              0x005232    0x1  Data  Gb  uart.o [1]
UART1_BRR2              0x005233    0x1  Data  Gb  uart.o [1]
UART1_DR                0x005231    0x1  Data  Gb  uart.o [1]
UART1_R_RXNE            0x008eda   0xc0  Code  Gb  uart.o [1]
_A_CLK_CKDIVR           0x0050c6    0x1  Data  Gb  clk.o [1]
_A_EXTI_CR1             0x0050a0    0x1  Data  Gb  exti.o [1]
_A_PB_CR1               0x005008    0x1  Data  Gb  led.o [1]
_A_PB_DDR               0x005007    0x1  Data  Gb  led.o [1]
_A_PB_ODR               0x005005    0x1  Data  Gb  led.o [1]
_A_PC_CR1               0x00500d    0x1  Data  Gb  sx1276.o [1]
_A_PC_CR2               0x00500e    0x1  Data  Gb  sx1276.o [1]
_A_PC_DDR               0x00500c    0x1  Data  Gb  sx1276.o [1]
_A_PC_IDR               0x00500b    0x1  Data  Gb  s_spi.o [1]
_A_PC_ODR               0x00500a    0x1  Data  Gb  s_spi.o [1]
_A_PD_CR1               0x005012    0x1  Data  Gb  sx1276.o [1]
_A_PD_CR2               0x005013    0x1  Data  Gb  sx1276.o [1]
_A_PD_DDR               0x005011    0x1  Data  Gb  sx1276.o [1]
_A_PD_ODR               0x00500f    0x1  Data  Gb  sx1276.o [1]
_A_PE_CR1               0x005017    0x1  Data  Gb  led.o [1]
_A_PE_DDR               0x005016    0x1  Data  Gb  led.o [1]
_A_PE_ODR               0x005014    0x1  Data  Gb  led.o [1]
_A_TIM1_CR1             0x005250    0x1  Data  Gb  basicRF.o [1]
_A_TIM1_IER             0x005254    0x1  Data  Gb  timer.o [1]
_A_TIM1_SR1             0x005255    0x1  Data  Gb  timer.o [1]
_A_TIM2_CR1             0x005300    0x1  Data  Gb  timer.o [1]
_A_TIM2_IER             0x005303    0x1  Data  Gb  timer.o [1]
_A_TIM2_PSCR            0x00530e    0x1  Data  Gb  timer.o [1]
_A_TIM2_SR1             0x005304    0x1  Data  Gb  timer.o [1]
_A_TIM4_CR1             0x005340    0x1  Data  Gb  timer.o [1]
_A_TIM4_IER             0x005343    0x1  Data  Gb  timer.o [1]
_A_TIM4_PSCR            0x005347    0x1  Data  Gb  timer.o [1]
_A_TIM4_SR              0x005344    0x1  Data  Gb  timer.o [1]
_A_UART1_CR1            0x005234    0x1  Data  Gb  uart.o [1]
_A_UART1_CR2            0x005235    0x1  Data  Gb  uart.o [1]
_A_UART1_CR3            0x005236    0x1  Data  Gb  uart.o [1]
_A_UART1_SR             0x005230    0x1  Data  Gb  uart.o [1]
_EncodingSb_Mbtowc      0x0095ad   0x31  Code  Gb  xencoding_sb.o [4]
_EncodingSb_Wctomb      0x009a68   0x18  Code  Gb  xencoding_sb.o [4]
_LitobSmall             0x00889e  0x171  Code  Lc  xprintfsmall.o [4]
_LocaleEncoding         0x009ced    0xc  Code  Gb  setlocale.o [4]
_Locale_Profile         0x0001b7    0xe  Data  Gb  setlocale.o [4]
_Mbtowc                 0x00986f   0x21  Code  Gb  xmbtowc.o [4]
_PrintfSmall            0x008080  0x43d  Code  Gb  xprintfsmall.o [4]
_Prout                  0x009a06   0x19  Code  Gb  xprout.o [4]
_PutcharSmall           0x00960e   0x2f  Code  Lc  xprintfsmall.o [4]
_PutcharsSmall          0x009513   0x35  Code  Lc  xprintfsmall.o [4]
_PutstrSmall            0x0086bf  0x1df  Code  Lc  xprintfsmall.o [4]
_Rand_idx               0x0001d1    0x4  Data  Lc  rand.o [4]
_Rand_rv                0x0001fe   0x80  Data  Lc  rand.o [4]
_Randinit               0x0001fd    0x1  Data  Gb  rand.o [4]
_Randseed               0x000138    0x4  Data  Gb  rand.o [4]
_Wctomb                 0x0099b7   0x1c  Code  Gb  xwctomb.o [4]
__DebugBreak            0x009f3b    0x1  Code  Gb  __dbg_break.o [3]
__exit                  0x009b2a   0x14  Code  Gb  __dbg_xxexit.o [3]
__iar_Mbcurmax          0x009ec2    0x6  Code  Gb  xmbcurmax.o [4]
__iar_Memchr            0x009aec   0x15  Code  Gb  memchr.o [4]
__iar_Stdout            0x000110   0x28  Data  Gb  xfiles.o [4]
__iar_Strchr            0x009b01   0x15  Code  Gb  strchr.o [4]
__iar_Tls_setup__Locale_Profile
                        0x0001ed    0x2  Data  Gb  setlocale.o [4]
__iar_Tls_setup__Rand_idx
                        0x0001e9    0x2  Data  Lc  rand.o [4]
__iar_Tls_setup__Rand_rv
                        0x0001eb    0x2  Data  Lc  rand.o [4]
__iar_Tls_setup__Randinit
                        0x0001e5    0x2  Data  Gb  rand.o [4]
__iar_Tls_setup__Randseed
                        0x0001e7    0x2  Data  Gb  rand.o [4]
__iar_copy_init2        0x00968e         Code  Gb  init_small.o [4]
__iar_data_init2        0x009a80   0x17  Code  Gb  init.o [4]
__iar_program_start     0x009b64         Code  Gb  cstartup.o [4]
__iar_unhandled_exception
                        0x009f36         Code  Gb  unhandled_exception.o [4]
__iar_zero_init2        0x009942         Code  Gb  init_small.o [4]
__intvec                0x008000         Data  Gb  interrupt.o [4]
__low_level_init        0x009f30    0x3  Code  Gb  low_level_init.o [4]
__near_Aldata           0x0001d5    0x4  Data  Gb  xxmemxmalloc.o [4]
__near_GetMemChunk      0x009a1f   0x19  Code  Gb  xgetmemchunk.o [4]
__near_findmem          0x0091c0   0x5f  Code  Lc  xxmemxmalloc.o [4]
_exit                   0x009f09         Code  Gb  cexit.o [4]
_interrupt_13           0x009905         Code  Gb  timer.o [1]
_interrupt_15           0x00943a         Code  Gb  timer.o [1]
_interrupt_20           0x008eda         Code  Gb  uart.o [1]
_interrupt_25           0x0098a6         Code  Gb  timer.o [1]
_interrupt_8            0x0095de         Code  Gb  exti.o [1]
app_process_events      0x009276   0x4b  Code  Gb  basicRF.o [1]
cca                     0x0001f6    0x1  Data  Gb  sx1276.o [1]
clk_init                0x009ed2    0x5  Code  Gb  clk.o [1]
exit                    0x009f33    0x3  Code  Gb  exit.o [4]
exti_init               0x009ed7    0x5  Code  Gb  exti.o [1]
fputc                   0x009d6d    0xa  Code  Gb  uart.o [1]
free                    0x008c78   0xd1  Code  Gb  xxmemxfree.o [4]
gb_BW                   0x0001f8    0x1  Data  Gb  sx1276.o [1]
gb_SF                   0x0001f7    0x1  Data  Gb  sx1276.o [1]
hal_process_events      0x0099d3   0x1a  Code  Gb  hal.o [1]
iotos_init              0x009cf9    0xb  Code  Gb  IotOS.o [1]
iotos_run               0x00921f   0x57  Code  Gb  IotOS.o [1]
iotos_start             0x009ee6    0x5  Code  Gb  IotOS.o [1]
led_init                0x009bcf   0x11  Code  Gb  led.o [1]
led_off                 0x009a38   0x18  Code  Gb  led.o [1]
led_on                  0x009a50   0x18  Code  Gb  led.o [1]
mac_process_events      0x009f39    0x1  Code  Gb  mac.o [1]
mac_send_message        0x008e17   0xc3  Code  Gb  csma.o [1]
main                    0x0096dd   0x27  Code  Gb  main.o [1]
malloc                  0x009039   0x93  Code  Gb  xxmemxmalloc.o [4]
memcpy                  0x00979b   0x25  Code  Gb  memcpy.o [4]
memset                  0x009ad7   0x15  Code  Gb  memset.o [4]
nwk_process_events      0x009f3a    0x1  Code  Gb  nwk.o [1]
obuf                    0x00013d   0x50  Data  Lc  xfiles.o [4]
pad                     0x0094dd   0x36  Code  Lc  xprintfsmall.o [4]
printf                  0x0098c6   0x20  Code  Gb  printf.o [4]
putchar                 0x009e67    0x7  Code  Gb  putchar.o [4]
rand                    0x008f9a   0x9f  Code  Gb  rand.o [4]
rfParmeter              0x0001cd    0x4  Data  Gb  rf.o [1]
rfStateFlag             0x00013c    0x1  Data  Gb  exti.o [1]
rf_cca                  0x009f21    0x3  Code  Gb  rf.o [1]
rf_clear_irq            0x009f1b    0x3  Code  Gb  rf.o [1]
rf_config_ccaParam      0x009f24    0x3  Code  Gb  rf.o [1]
rf_config_sendParam     0x009f15    0x3  Code  Gb  rf.o [1]
rf_enableIrq            0x009f12    0x3  Code  Gb  rf.o [1]
rf_init                 0x009b51   0x13  Code  Gb  rf.o [1]
rf_send_message         0x009f18    0x3  Code  Gb  rf.o [1]
rf_setChannel           0x009f27    0x3  Code  Gb  rf.o [1]
rf_setPower             0x009f2a    0x3  Code  Gb  rf.o [1]
rf_standbyMode          0x009f1e    0x3  Code  Gb  rf.o [1]
sendnum                 0x0001f5    0x1  Data  Gb  hal.o [1]
srand                   0x009704   0x27  Code  Gb  srand.o [4]
sspi_init               0x009776   0x25  Code  Gb  s_spi.o [1]
strcmp                  0x00984d   0x22  Code  Gb  strcmp.o [4]
strlen                  0x009b9b   0x12  Code  Gb  strlen.o [4]
strncmp                 0x0093ca   0x39  Code  Gb  strncmp.o [4]
tasksEvents             0x0001c5    0x8  Data  Gb  IotOS.o [1]
tasksFun                0x009ded    0x8  Data  Gb  IotOS.o [1]
timer1Count             0x0001df    0x2  Data  Gb  timer.o [1]
timer1Num               0x0001d9    0x2  Data  Gb  timer.o [1]
timer1_init             0x009ac2   0x15  Code  Gb  timer.o [1]
timer2Count             0x0001e3    0x2  Data  Gb  timer.o [1]
timer2Num               0x0001dd    0x2  Data  Gb  timer.o [1]
timer2_init             0x0099ed   0x19  Code  Gb  timer.o [1]
timer4Count             0x0001e1    0x2  Data  Gb  timer.o [1]
timer4Num               0x0001db    0x2  Data  Gb  timer.o [1]
timer4_init             0x009be0   0x11  Code  Gb  timer.o [1]
txBoNum                 0x0001f3    0x1  Data  Gb  csma.o [1]
txDeNum                 0x0001f4    0x1  Data  Gb  csma.o [1]
txState                 0x0001f2    0x1  Data  Gb  csma.o [1]
uRxDate                 0x00018d   0x2a  Data  Gb  uart.o [1]
uart1_init              0x009960   0x1d  Code  Gb  uart.o [1]


[1] = C:\Users\Administrator\Desktop\git\Apps\basicRF\Debug\Obj
[2] = command line
[3] = dbgstm8smd.a
[4] = dlstm8smf.a

  7 092 bytes of readonly  code memory
    949 bytes of readonly  data memory
    894 bytes of readwrite data memory (+ 46 absolute)

Errors: none
Warnings: none
